// Jest Snapshot v1, https://goo.gl/fbAQLP

exports[`Header renders correctly 1`] = `
<div
  className="container"
>
  <div
    className="masthead"
  >
    <div
      className="logo"
    >
      <img
        alt="logo"
        src="https://s3-us-west-2.amazonaws.com/agletio/images/nib.svg"
      />
    </div>
    <div
      className="nameplate"
    >
      <div
        className="name"
      >
        AGLET
      </div>
      <div
        className="description"
      >
        Tools for the discerning Game Master
      </div>
    </div>
  </div>
</div>
`;
